


ARM Macro Assembler    Page 1 


    1 00000000         ; SysTick.s
    2 00000000         ; Module written by: **-UUU-*Your Names**update this***
    3 00000000         ; Date Created: 2/14/2017
    4 00000000         ; Last Modified: 9/2/2019 
    5 00000000         ; Brief Description: Initializes SysTick
    6 00000000         
    7 00000000 E000E010 
                       NVIC_ST_CTRL_R
                               EQU              0xE000E010
    8 00000000 E000E014 
                       NVIC_ST_RELOAD_R
                               EQU              0xE000E014
    9 00000000 E000E018 
                       NVIC_ST_CURRENT_R
                               EQU              0xE000E018
   10 00000000 00000004 
                       NVIC_ST_CTRL_CLK_SRC
                               EQU              0x00000004  ; Clock Source
   11 00000000 00000001 
                       NVIC_ST_CTRL_ENABLE
                               EQU              0x00000001  ; Counter mode
   12 00000000 00FFFFFF 
                       NVIC_ST_RELOAD_M
                               EQU              0x00FFFFFF  ; Counter load valu
                                                            e
   13 00000000         
   14 00000000                 AREA             |.text|, CODE, READONLY, ALIGN=
2
   15 00000000                 THUMB
   16 00000000         ; -UUU- You add code here to export your routine(s) from
                        SysTick.s to main.s
   17 00000000                 EXPORT           SysTick_Init
   18 00000000         ;------------SysTick_Init------------
   19 00000000         ; ;-UUU-Complete this subroutine
   20 00000000         ; Initialize SysTick running at bus clock.
   21 00000000         ; Make it so NVIC_ST_CURRENT_R can be used as a 24-bit t
                       ime
   22 00000000         ; Input: none
   23 00000000         ; Output: none
   24 00000000         ; Modifies: ??
   25 00000000         SysTick_Init
   26 00000000         ; **-UUU-**Implement this function****
   27 00000000         ;disable SysTick during setup
   28 00000000 4908            LDR              R1, =NVIC_ST_CTRL_R ; 
   29 00000002 F04F 0000       MOV              R0, #0      ; clear enable - st
                                                            ops counter
   30 00000006 6008            STR              R0, [R1]    ; [R1] = R0 = 0
   31 00000008         ; set reload to maximum reload value
   32 00000008 4907            LDR              R1, =NVIC_ST_RELOAD_R ; 
   33 0000000A F06F 407F       LDR              R0, =NVIC_ST_RELOAD_M ;      ; 
                                                            
   34 0000000E 6008            STR              R0, [R1]    ; store 0x00FFFFFF 
                                                            into reload
   35 00000010         ; any write to current clears it
   36 00000010 4906            LDR              R1, =NVIC_ST_CURRENT_R ; R1 = &
                                                            NVIC_ST_CURRENT_R
   37 00000012 F04F 0000       MOV              R0, #0      ; R0 = 0
   38 00000016 6008            STR              R0, [R1]    ; [R1] = R0 = 0
   39 00000018         ; enable SysTick with core clock



ARM Macro Assembler    Page 2 


   40 00000018 4902            LDR              R1, =NVIC_ST_CTRL_R ; 
   41 0000001A         ; R0 = ENABLE and CLK_SRC bits set
   42 0000001A F04F 0005       MOV              R0, #0x05   ; enable but no int
                                                            errupts (clk_src = 
                                                            1 (bus), inten = 0,
                                                             enable = 1)
   43 0000001E 6008            STR              R0, [R1]    ; 
   44 00000020 4770            BX               LR          ; return
   45 00000022         
   46 00000022         
   47 00000022 00 00           ALIGN                        ; make sure the end
                                                             of this section is
                                                             aligned
   48 00000024                 END                          ; end of file
              E000E010 
              E000E014 
              E000E018 
Command Line: --debug --xref --diag_suppress=9931 --cpu=Cortex-M4 --apcs=interw
ork --depend=.\systick.d -o.\systick.o -I.\RTE\_Lab4 -IC:\Users\estel\AppData\L
ocal\Arm\Packs\ARM\CMSIS\5.5.1\CMSIS\Core\Include -IC:\Users\estel\AppData\Loca
l\Arm\Packs\Keil\TM4C_DFP\1.1.0\Device\Include\TM4C123 --predefine="__EVAL SETA
 1" --predefine="__UVISION_VERSION SETA 528" --predefine="_RTE_ SETA 1" --prede
fine="TM4C123GH6PM SETA 1" --list=.\systick.lst SysTick.s



ARM Macro Assembler    Page 1 Alphabetic symbol ordering
Relocatable symbols

.text 00000000

Symbol: .text
   Definitions
      At line 14 in file SysTick.s
   Uses
      None
Comment: .text unused
SysTick_Init 00000000

Symbol: SysTick_Init
   Definitions
      At line 25 in file SysTick.s
   Uses
      At line 17 in file SysTick.s
Comment: SysTick_Init used once
2 symbols



ARM Macro Assembler    Page 1 Alphabetic symbol ordering
Absolute symbols

NVIC_ST_CTRL_CLK_SRC 00000004

Symbol: NVIC_ST_CTRL_CLK_SRC
   Definitions
      At line 10 in file SysTick.s
   Uses
      None
Comment: NVIC_ST_CTRL_CLK_SRC unused
NVIC_ST_CTRL_ENABLE 00000001

Symbol: NVIC_ST_CTRL_ENABLE
   Definitions
      At line 11 in file SysTick.s
   Uses
      None
Comment: NVIC_ST_CTRL_ENABLE unused
NVIC_ST_CTRL_R E000E010

Symbol: NVIC_ST_CTRL_R
   Definitions
      At line 7 in file SysTick.s
   Uses
      At line 28 in file SysTick.s
      At line 40 in file SysTick.s

NVIC_ST_CURRENT_R E000E018

Symbol: NVIC_ST_CURRENT_R
   Definitions
      At line 9 in file SysTick.s
   Uses
      At line 36 in file SysTick.s
Comment: NVIC_ST_CURRENT_R used once
NVIC_ST_RELOAD_M 00FFFFFF

Symbol: NVIC_ST_RELOAD_M
   Definitions
      At line 12 in file SysTick.s
   Uses
      At line 33 in file SysTick.s
Comment: NVIC_ST_RELOAD_M used once
NVIC_ST_RELOAD_R E000E014

Symbol: NVIC_ST_RELOAD_R
   Definitions
      At line 8 in file SysTick.s
   Uses
      At line 32 in file SysTick.s
Comment: NVIC_ST_RELOAD_R used once
6 symbols
344 symbols in table
